Command line invocation:
    /Applications/Xcode-26.4.app/Contents/Developer/usr/bin/xcodebuild -project Glowboard.xcodeproj -scheme Glowboard -configuration Release -sdk iphoneos -derivedDataPath build CODE_SIGNING_ALLOWED=NO CODE_SIGNING_REQUIRED=NO CODE_SIGN_IDENTITY= build

Build settings from command line:
    CODE_SIGN_IDENTITY = 
    CODE_SIGNING_ALLOWED = NO
    CODE_SIGNING_REQUIRED = NO
    SDKROOT = iphoneos26.4

2026-08-16 10:23:28.733 xcodebuild[2105:14842] [MT] IDERunDestination: Supported platforms for the buildables in the current scheme is empty.
--- xcodebuild: WARNING: Using the first of multiple matching destinations:
{ platform:iOS, id:dvtdevice-DVTiPhonePlaceholder-iphoneos:placeholder, name:Any iOS Device }
{ platform:macOS, arch:arm64, variant:Designed for [iPad,iPhone], id:0000FE00-343A79319AA17942, name:My Mac }
{ platform:iOS Simulator, id:dvtdevice-DVTiOSDeviceSimulatorPlaceholder-iphonesimulator:placeholder, name:Any iOS Simulator Device }
note: Using codesigning identity override: 
ComputePackagePrebuildTargetDependencyGraph

Prepare packages

CreateBuildRequest

SendProjectDescription

CreateBuildOperation

ComputeTargetDependencyGraph
note: Building targets in dependency order
note: Target dependency graph (1 target)
    Target 'Glowboard' in project 'Glowboard' (no dependencies)

GatherProvisioningInputs

CreateBuildDescription

ExecuteExternalTool /Applications/Xcode-26.4.app/Contents/Developer/Toolchains/XcodeDefault.xctoolchain/usr/bin/clang -v -E -dM -isysroot /Applications/Xcode-26.4.app/Contents/Developer/Platforms/iPhoneOS.platform/Developer/SDKs/iPhoneOS26.4.sdk -x c -c /dev/null

ExecuteExternalTool /Applications/Xcode-26.4.app/Contents/Developer/Toolchains/XcodeDefault.xctoolchain/usr/bin/swiftc --version

ExecuteExternalTool /Applications/Xcode-26.4.app/Contents/Developer/Toolchains/XcodeDefault.xctoolchain/usr/bin/ld -version_details

Build description signature: 67cbc537a666698ccd8d42c2de73aef4
Build description path: /Users/builder/clone/build/Build/Intermediates.noindex/XCBuildData/67cbc537a666698ccd8d42c2de73aef4.xcbuilddata
CreateBuildDirectory /Users/builder/clone/build/Build/Products
    cd /Users/builder/clone/Glowboard.xcodeproj
    builtin-create-build-directory /Users/builder/clone/build/Build/Products

ClangStatCache /Applications/Xcode-26.4.app/Contents/Developer/Toolchains/XcodeDefault.xctoolchain/usr/bin/clang-stat-cache /Applications/Xcode-26.4.app/Contents/Developer/Platforms/iPhoneOS.platform/Developer/SDKs/iPhoneOS26.4.sdk /Users/builder/clone/build/SDKStatCaches.noindex/iphoneos26.4-23E252-dc38477e7e47e42951976ad86cc01fb3.sdkstatcache
    cd /Users/builder/clone/Glowboard.xcodeproj
    /Applications/Xcode-26.4.app/Contents/Developer/Toolchains/XcodeDefault.xctoolchain/usr/bin/clang-stat-cache /Applications/Xcode-26.4.app/Contents/Developer/Platforms/iPhoneOS.platform/Developer/SDKs/iPhoneOS26.4.sdk -o /Users/builder/clone/build/SDKStatCaches.noindex/iphoneos26.4-23E252-dc38477e7e47e42951976ad86cc01fb3.sdkstatcache

CreateBuildDirectory /Users/builder/clone/build/Build/Intermediates.noindex
    cd /Users/builder/clone/Glowboard.xcodeproj
    builtin-create-build-directory /Users/builder/clone/build/Build/Intermediates.noindex

CreateBuildDirectory /Users/builder/clone/build/Build/Intermediates.noindex/ExplicitPrecompiledModules
    cd /Users/builder/clone/Glowboard.xcodeproj
    builtin-create-build-directory /Users/builder/clone/build/Build/Intermediates.noindex/ExplicitPrecompiledModules

CreateBuildDirectory /Users/builder/clone/build/Build/Products/Release-iphoneos
    cd /Users/builder/clone/Glowboard.xcodeproj
    builtin-create-build-directory /Users/builder/clone/build/Build/Products/Release-iphoneos

CreateBuildDirectory /Users/builder/clone/build/Build/Intermediates.noindex/SwiftExplicitPrecompiledModules
    cd /Users/builder/clone/Glowboard.xcodeproj
    builtin-create-build-directory /Users/builder/clone/build/Build/Intermediates.noindex/SwiftExplicitPrecompiledModules

CreateBuildDirectory /Users/builder/clone/build/Build/Intermediates.noindex/EagerLinkingTBDs/Release-iphoneos
    cd /Users/builder/clone/Glowboard.xcodeproj
    builtin-create-build-directory /Users/builder/clone/build/Build/Intermediates.noindex/EagerLinkingTBDs/Release-iphoneos

WriteAuxiliaryFile /Users/builder/clone/build/Build/Intermediates.noindex/Glowboard.build/Release-iphoneos/Glowboard-8b28b5b73e52b5bcb983aac50fff0741-VFS-iphoneos/all-product-headers.yaml
    cd /Users/builder/clone/Glowboard.xcodeproj
    write-file /Users/builder/clone/build/Build/Intermediates.noindex/Glowboard.build/Release-iphoneos/Glowboard-8b28b5b73e52b5bcb983aac50fff0741-VFS-iphoneos/all-product-headers.yaml

WriteAuxiliaryFile /Users/builder/clone/build/Build/Intermediates.noindex/Glowboard.build/Release-iphoneos/Glowboard.build/Objects-normal/arm64/Glowboard.SwiftFileList (in target 'Glowboard' from project 'Glowboard')
    cd /Users/builder/clone
    write-file /Users/builder/clone/build/Build/Intermediates.noindex/Glowboard.build/Release-iphoneos/Glowboard.build/Objects-normal/arm64/Glowboard.SwiftFileList

WriteAuxiliaryFile /Users/builder/clone/build/Build/Intermediates.noindex/Glowboard.build/Release-iphoneos/Glowboard.build/Objects-normal/arm64/Glowboard.LinkFileList (in target 'Glowboard' from project 'Glowboard')
    cd /Users/builder/clone
    write-file /Users/builder/clone/build/Build/Intermediates.noindex/Glowboard.build/Release-iphoneos/Glowboard.build/Objects-normal/arm64/Glowboard.LinkFileList

WriteAuxiliaryFile /Users/builder/clone/build/Build/Intermediates.noindex/Glowboard.build/Release-iphoneos/Glowboard.build/Objects-normal/arm64/Glowboard_const_extract_protocols.json (in target 'Glowboard' from project 'Glowboard')
    cd /Users/builder/clone
    write-file /Users/builder/clone/build/Build/Intermediates.noindex/Glowboard.build/Release-iphoneos/Glowboard.build/Objects-normal/arm64/Glowboard_const_extract_protocols.json

WriteAuxiliaryFile /Users/builder/clone/build/Build/Intermediates.noindex/Glowboard.build/Release-iphoneos/Glowboard.build/Objects-normal/arm64/Glowboard-OutputFileMap.json (in target 'Glowboard' from project 'Glowboard')
    cd /Users/builder/clone
    write-file /Users/builder/clone/build/Build/Intermediates.noindex/Glowboard.build/Release-iphoneos/Glowboard.build/Objects-normal/arm64/Glowboard-OutputFileMap.json

WriteAuxiliaryFile /Users/builder/clone/build/Build/Intermediates.noindex/Glowboard.build/Release-iphoneos/Glowboard.build/Objects-normal/arm64/Glowboard.SwiftConstValuesFileList (in target 'Glowboard' from project 'Glowboard')
    cd /Users/builder/clone
    write-file /Users/builder/clone/build/Build/Intermediates.noindex/Glowboard.build/Release-iphoneos/Glowboard.build/Objects-normal/arm64/Glowboard.SwiftConstValuesFileList

WriteAuxiliaryFile /Users/builder/clone/build/Build/Intermediates.noindex/Glowboard.build/Release-iphoneos/Glowboard.build/Glowboard.hmap (in target 'Glowboard' from project 'Glowboard')
    cd /Users/builder/clone
    write-file /Users/builder/clone/build/Build/Intermediates.noindex/Glowboard.build/Release-iphoneos/Glowboard.build/Glowboard.hmap

WriteAuxiliaryFile /Users/builder/clone/build/Build/Intermediates.noindex/Glowboard.build/Release-iphoneos/Glowboard.build/Glowboard.DependencyStaticMetadataFileList (in target 'Glowboard' from project 'Glowboard')
    cd /Users/builder/clone
    write-file /Users/builder/clone/build/Build/Intermediates.noindex/Glowboard.build/Release-iphoneos/Glowboard.build/Glowboard.DependencyStaticMetadataFileList

WriteAuxiliaryFile /Users/builder/clone/build/Build/Intermediates.noindex/Glowboard.build/Release-iphoneos/Glowboard.build/Glowboard.DependencyMetadataFileList (in target 'Glowboard' from project 'Glowboard')
    cd /Users/builder/clone
    write-file /Users/builder/clone/build/Build/Intermediates.noindex/Glowboard.build/Release-iphoneos/Glowboard.build/Glowboard.DependencyMetadataFileList

WriteAuxiliaryFile /Users/builder/clone/build/Build/Intermediates.noindex/Glowboard.build/Release-iphoneos/Glowboard.build/Glowboard-project-headers.hmap (in target 'Glowboard' from project 'Glowboard')
    cd /Users/builder/clone
    write-file /Users/builder/clone/build/Build/Intermediates.noindex/Glowboard.build/Release-iphoneos/Glowboard.build/Glowboard-project-headers.hmap

WriteAuxiliaryFile /Users/builder/clone/build/Build/Intermediates.noindex/Glowboard.build/Release-iphoneos/Glowboard.build/Glowboard-own-target-headers.hmap (in target 'Glowboard' from project 'Glowboard')
    cd /Users/builder/clone
    write-file /Users/builder/clone/build/Build/Intermediates.noindex/Glowboard.build/Release-iphoneos/Glowboard.build/Glowboard-own-target-headers.hmap

WriteAuxiliaryFile /Users/builder/clone/build/Build/Intermediates.noindex/Glowboard.build/Release-iphoneos/Glowboard.build/Glowboard-generated-files.hmap (in target 'Glowboard' from project 'Glowboard')
    cd /Users/builder/clone
    write-file /Users/builder/clone/build/Build/Intermediates.noindex/Glowboard.build/Release-iphoneos/Glowboard.build/Glowboard-generated-files.hmap

WriteAuxiliaryFile /Users/builder/clone/build/Build/Intermediates.noindex/Glowboard.build/Release-iphoneos/Glowboard.build/Glowboard-all-target-headers.hmap (in target 'Glowboard' from project 'Glowboard')
    cd /Users/builder/clone
    write-file /Users/builder/clone/build/Build/Intermediates.noindex/Glowboard.build/Release-iphoneos/Glowboard.build/Glowboard-all-target-headers.hmap

MkDir /Users/builder/clone/build/Build/Products/Release-iphoneos/Glowboard.app (in target 'Glowboard' from project 'Glowboard')
    cd /Users/builder/clone
    /bin/mkdir -p /Users/builder/clone/build/Build/Products/Release-iphoneos/Glowboard.app

WriteAuxiliaryFile /Users/builder/clone/build/Build/Intermediates.noindex/Glowboard.build/Release-iphoneos/Glowboard.build/Glowboard-all-non-framework-target-headers.hmap (in target 'Glowboard' from project 'Glowboard')
    cd /Users/builder/clone
    write-file /Users/builder/clone/build/Build/Intermediates.noindex/Glowboard.build/Release-iphoneos/Glowboard.build/Glowboard-all-non-framework-target-headers.hmap

CpResource /Users/builder/clone/build/Build/Products/Release-iphoneos/Glowboard.app/DMMono-Regular.ttf /Users/builder/clone/Resources/Fonts/DMMono-Regular.ttf (in target 'Glowboard' from project 'Glowboard')
    cd /Users/builder/clone
    builtin-copy -exclude .DS_Store -exclude CVS -exclude .svn -exclude .git -exclude .hg -resolve-src-symlinks /Users/builder/clone/Resources/Fonts/DMMono-Regular.ttf /Users/builder/clone/build/Build/Products/Release-iphoneos/Glowboard.app

CpResource /Users/builder/clone/build/Build/Products/Release-iphoneos/Glowboard.app/DMMono-Medium.ttf /Users/builder/clone/Resources/Fonts/DMMono-Medium.ttf (in target 'Glowboard' from project 'Glowboard')
    cd /Users/builder/clone
    builtin-copy -exclude .DS_Store -exclude CVS -exclude .svn -exclude .git -exclude .hg -resolve-src-symlinks /Users/builder/clone/Resources/Fonts/DMMono-Medium.ttf /Users/builder/clone/build/Build/Products/Release-iphoneos/Glowboard.app

CpResource /Users/builder/clone/build/Build/Products/Release-iphoneos/Glowboard.app/SpaceGrotesk-Bold.ttf /Users/builder/clone/Resources/Fonts/SpaceGrotesk-Bold.ttf (in target 'Glowboard' from project 'Glowboard')
    cd /Users/builder/clone
    builtin-copy -exclude .DS_Store -exclude CVS -exclude .svn -exclude .git -exclude .hg -resolve-src-symlinks /Users/builder/clone/Resources/Fonts/SpaceGrotesk-Bold.ttf /Users/builder/clone/build/Build/Products/Release-iphoneos/Glowboard.app

CpResource /Users/builder/clone/build/Build/Products/Release-iphoneos/Glowboard.app/BebasNeue-Regular.ttf /Users/builder/clone/Resources/Fonts/BebasNeue-Regular.ttf (in target 'Glowboard' from project 'Glowboard')
    cd /Users/builder/clone
    builtin-copy -exclude .DS_Store -exclude CVS -exclude .svn -exclude .git -exclude .hg -resolve-src-symlinks /Users/builder/clone/Resources/Fonts/BebasNeue-Regular.ttf /Users/builder/clone/build/Build/Products/Release-iphoneos/Glowboard.app

ProcessInfoPlistFile /Users/builder/clone/build/Build/Products/Release-iphoneos/Glowboard.app/Info.plist /Users/builder/clone/Info.plist (in target 'Glowboard' from project 'Glowboard')
    cd /Users/builder/clone
    builtin-infoPlistUtility /Users/builder/clone/Info.plist -producttype com.apple.product-type.application -genpkginfo /Users/builder/clone/build/Build/Products/Release-iphoneos/Glowboard.app/PkgInfo -expandbuildsettings -format binary -platform iphoneos -requiredArchitecture arm64 -o /Users/builder/clone/build/Build/Products/Release-iphoneos/Glowboard.app/Info.plist
warning: value 'APPLS' for 'CFBundlePackageType' in 'Info.plist' must be a four character string (in target 'Glowboard' from project 'Glowboard')

SwiftDriver Glowboard normal arm64 com.apple.xcode.tools.swift.compiler (in target 'Glowboard' from project 'Glowboard')
    cd /Users/builder/clone
    builtin-SwiftDriver -- /Applications/Xcode-26.4.app/Contents/Developer/Toolchains/XcodeDefault.xctoolchain/usr/bin/swiftc -module-name Glowboard -O -whole-module-optimization @/Users/builder/clone/build/Build/Intermediates.noindex/Glowboard.build/Release-iphoneos/Glowboard.build/Objects-normal/arm64/Glowboard.SwiftFileList -enable-bare-slash-regex -enable-experimental-feature DebugDescriptionMacro -sdk /Applications/Xcode-26.4.app/Contents/Developer/Platforms/iPhoneOS.platform/Developer/SDKs/iPhoneOS26.4.sdk -target arm64-apple-ios16.0 -g -module-cache-path /Users/builder/clone/build/ModuleCache.noindex -Xfrontend -serialize-debugging-options -swift-version 5 -I /Users/builder/clone/build/Build/Products/Release-iphoneos -F /Users/builder/clone/build/Build/Products/Release-iphoneos -c -num-threads 8 -Xcc -ivfsstatcache -Xcc /Users/builder/clone/build/SDKStatCaches.noindex/iphoneos26.4-23E252-dc38477e7e47e42951976ad86cc01fb3.sdkstatcache -output-file-map /Users/builder/clone/build/Build/Intermediates.noindex/Glowboard.build/Release-iphoneos/Glowboard.build/Objects-normal/arm64/Glowboard-OutputFileMap.json -use-frontend-parseable-output -save-temps -no-color-diagnostics -explicit-module-build -module-cache-path /Users/builder/clone/build/Build/Intermediates.noindex/SwiftExplicitPrecompiledModules -clang-scanner-module-cache-path /Users/builder/clone/build/ModuleCache.noindex -sdk-module-cache-path /Users/builder/clone/build/ModuleCache.noindex -serialize-diagnostics -emit-dependencies -emit-module -emit-module-path /Users/builder/clone/build/Build/Intermediates.noindex/Glowboard.build/Release-iphoneos/Glowboard.build/Objects-normal/arm64/Glowboard.swiftmodule -validate-clang-modules-once -clang-build-session-file /Users/builder/clone/build/ModuleCache.noindex/Session.modulevalidation -Xcc -I/Users/builder/clone/build/Build/Intermediates.noindex/Glowboard.build/Release-iphoneos/Glowboard.build/swift-overrides.hmap -emit-const-values -Xfrontend -const-gather-protocols-file -Xfrontend /Users/builder/clone/build/Build/Intermediates.noindex/Glowboard.build/Release-iphoneos/Glowboard.build/Objects-normal/arm64/Glowboard_const_extract_protocols.json -Xcc -iquote -Xcc /Users/builder/clone/build/Build/Intermediates.noindex/Glowboard.build/Release-iphoneos/Glowboard.build/Glowboard-generated-files.hmap -Xcc -I/Users/builder/clone/build/Build/Intermediates.noindex/Glowboard.build/Release-iphoneos/Glowboard.build/Glowboard-own-target-headers.hmap -Xcc -I/Users/builder/clone/build/Build/Intermediates.noindex/Glowboard.build/Release-iphoneos/Glowboard.build/Glowboard-all-target-headers.hmap -Xcc -iquote -Xcc /Users/builder/clone/build/Build/Intermediates.noindex/Glowboard.build/Release-iphoneos/Glowboard.build/Glowboard-project-headers.hmap -Xcc -I/Users/builder/clone/build/Build/Products/Release-iphoneos/include -Xcc -I/Users/builder/clone/build/Build/Intermediates.noindex/Glowboard.build/Release-iphoneos/Glowboard.build/DerivedSources-normal/arm64 -Xcc -I/Users/builder/clone/build/Build/Intermediates.noindex/Glowboard.build/Release-iphoneos/Glowboard.build/DerivedSources/arm64 -Xcc -I/Users/builder/clone/build/Build/Intermediates.noindex/Glowboard.build/Release-iphoneos/Glowboard.build/DerivedSources -emit-objc-header -emit-objc-header-path /Users/builder/clone/build/Build/Intermediates.noindex/Glowboard.build/Release-iphoneos/Glowboard.build/Objects-normal/arm64/Glowboard-Swift.h -working-directory /Users/builder/clone -no-emit-module-separately-wmo

SwiftDriver\ Compilation Glowboard normal arm64 com.apple.xcode.tools.swift.compiler (in target 'Glowboard' from project 'Glowboard')
    cd /Users/builder/clone
    builtin-Swift-Compilation -- /Applications/Xcode-26.4.app/Contents/Developer/Toolchains/XcodeDefault.xctoolchain/usr/bin/swiftc -module-name Glowboard -O -whole-module-optimization @/Users/builder/clone/build/Build/Intermediates.noindex/Glowboard.build/Release-iphoneos/Glowboard.build/Objects-normal/arm64/Glowboard.SwiftFileList -enable-bare-slash-regex -enable-experimental-feature DebugDescriptionMacro -sdk /Applications/Xcode-26.4.app/Contents/Developer/Platforms/iPhoneOS.platform/Developer/SDKs/iPhoneOS26.4.sdk -target arm64-apple-ios16.0 -g -module-cache-path /Users/builder/clone/build/ModuleCache.noindex -Xfrontend -serialize-debugging-options -swift-version 5 -I /Users/builder/clone/build/Build/Products/Release-iphoneos -F /Users/builder/clone/build/Build/Products/Release-iphoneos -c -num-threads 8 -Xcc -ivfsstatcache -Xcc /Users/builder/clone/build/SDKStatCaches.noindex/iphoneos26.4-23E252-dc38477e7e47e42951976ad86cc01fb3.sdkstatcache -output-file-map /Users/builder/clone/build/Build/Intermediates.noindex/Glowboard.build/Release-iphoneos/Glowboard.build/Objects-normal/arm64/Glowboard-OutputFileMap.json -use-frontend-parseable-output -save-temps -no-color-diagnostics -explicit-module-build -module-cache-path /Users/builder/clone/build/Build/Intermediates.noindex/SwiftExplicitPrecompiledModules -clang-scanner-module-cache-path /Users/builder/clone/build/ModuleCache.noindex -sdk-module-cache-path /Users/builder/clone/build/ModuleCache.noindex -serialize-diagnostics -emit-dependencies -emit-module -emit-module-path /Users/builder/clone/build/Build/Intermediates.noindex/Glowboard.build/Release-iphoneos/Glowboard.build/Objects-normal/arm64/Glowboard.swiftmodule -validate-clang-modules-once -clang-build-session-file /Users/builder/clone/build/ModuleCache.noindex/Session.modulevalidation -Xcc -I/Users/builder/clone/build/Build/Intermediates.noindex/Glowboard.build/Release-iphoneos/Glowboard.build/swift-overrides.hmap -emit-const-values -Xfrontend -const-gather-protocols-file -Xfrontend /Users/builder/clone/build/Build/Intermediates.noindex/Glowboard.build/Release-iphoneos/Glowboard.build/Objects-normal/arm64/Glowboard_const_extract_protocols.json -Xcc -iquote -Xcc /Users/builder/clone/build/Build/Intermediates.noindex/Glowboard.build/Release-iphoneos/Glowboard.build/Glowboard-generated-files.hmap -Xcc -I/Users/builder/clone/build/Build/Intermediates.noindex/Glowboard.build/Release-iphoneos/Glowboard.build/Glowboard-own-target-headers.hmap -Xcc -I/Users/builder/clone/build/Build/Intermediates.noindex/Glowboard.build/Release-iphoneos/Glowboard.build/Glowboard-all-target-headers.hmap -Xcc -iquote -Xcc /Users/builder/clone/build/Build/Intermediates.noindex/Glowboard.build/Release-iphoneos/Glowboard.build/Glowboard-project-headers.hmap -Xcc -I/Users/builder/clone/build/Build/Products/Release-iphoneos/include -Xcc -I/Users/builder/clone/build/Build/Intermediates.noindex/Glowboard.build/Release-iphoneos/Glowboard.build/DerivedSources-normal/arm64 -Xcc -I/Users/builder/clone/build/Build/Intermediates.noindex/Glowboard.build/Release-iphoneos/Glowboard.build/DerivedSources/arm64 -Xcc -I/Users/builder/clone/build/Build/Intermediates.noindex/Glowboard.build/Release-iphoneos/Glowboard.build/DerivedSources -emit-objc-header -emit-objc-header-path /Users/builder/clone/build/Build/Intermediates.noindex/Glowboard.build/Release-iphoneos/Glowboard.build/Objects-normal/arm64/Glowboard-Swift.h -working-directory /Users/builder/clone -no-emit-module-separately-wmo

SwiftExplicitDependencyGeneratePcm arm64 /Users/builder/clone/build/ModuleCache.noindex/_AvailabilityInternal-6YQF6YMY3WUC42Z147LWRZF04.pcm

SwiftExplicitDependencyGeneratePcm arm64 /Users/builder/clone/build/ModuleCache.noindex/ptrcheck-ALS7L3FV5HXLK0BLDC7I3RIVZ.pcm

SwiftExplicitDependencyGeneratePcm arm64 /Users/builder/clone/build/ModuleCache.noindex/_Builtin_stdbool-BGHIGZN5QBYRNJP2V02D5RB3T.pcm

SwiftExplicitDependencyGeneratePcm arm64 /Users/builder/clone/build/ModuleCache.noindex/SwiftShims-9A6D1XTK65AH5REXGEHF2IZJN.pcm

SwiftExplicitDependencyGeneratePcm arm64 /Users/builder/clone/build/ModuleCache.noindex/_Builtin_float-5HD41IS7616NBJZGMKV1K3RU8.pcm

SwiftExplicitDependencyGeneratePcm arm64 /Users/builder/clone/build/ModuleCache.noindex/_Builtin_stdarg-BFPOVNKDFDT2T6QKIKBU5F3UQ.pcm

SwiftExplicitDependencyGeneratePcm arm64 /Users/builder/clone/build/ModuleCache.noindex/_SwiftConcurrencyShims-1CGIADTMAR9UAJ8PF0DA2FPWN.pcm

SwiftExplicitDependencyGeneratePcm arm64 /Users/builder/clone/build/ModuleCache.noindex/_Builtin_stddef-DZOYH08XJL48D3SI5OAFKIBD6.pcm

SwiftExplicitDependencyGeneratePcm arm64 /Users/builder/clone/build/ModuleCache.noindex/ptrauth-381XKFNKHZFQ8MMG7XEIEDXSZ.pcm

SwiftExplicitDependencyGeneratePcm arm64 /Users/builder/clone/build/ModuleCache.noindex/DeveloperToolsSupport-A34TLED098BULE2NP219XP4HY.pcm

SwiftExplicitDependencyGeneratePcm arm64 /Users/builder/clone/build/ModuleCache.noindex/_DarwinFoundation1-RSLCXWQWY475KUUBRR4O8K0D.pcm

SwiftExplicitDependencyGeneratePcm arm64 /Users/builder/clone/build/ModuleCache.noindex/_DarwinFoundation2-9LC7S8F14R735T9JYNL2NUU61.pcm

SwiftExplicitDependencyGeneratePcm arm64 /Users/builder/clone/build/ModuleCache.noindex/_Builtin_limits-41O7ZD24X1GELP00S5HSCBDI0.pcm

SwiftExplicitDependencyGeneratePcm arm64 /Users/builder/clone/build/ModuleCache.noindex/sys_types-CDZ1K86JQDBGHI7E5D9G7YR14.pcm

SwiftExplicitDependencyGeneratePcm arm64 /Users/builder/clone/build/ModuleCache.noindex/_Builtin_stdint-3KF4BGNQDXLAJIOIRV9Y0OOJD.pcm

SwiftExplicitDependencyGeneratePcm arm64 /Users/builder/clone/build/ModuleCache.noindex/_Builtin_tgmath-21P82LQTX07N48TELLSWASFM5.pcm

SwiftExplicitDependencyGeneratePcm arm64 /Users/builder/clone/build/ModuleCache.noindex/_Builtin_stdatomic-CUHEXJ28AOD5Z55UKPNKOCJ2V.pcm

SwiftExplicitDependencyGeneratePcm arm64 /Users/builder/clone/build/ModuleCache.noindex/_DarwinFoundation3-BWPW0TEFHLPXM2FWWX33WXWU7.pcm

SwiftExplicitDependencyGeneratePcm arm64 /Users/builder/clone/build/ModuleCache.noindex/_Builtin_intrinsics-3WQ16JLGCE2NTIEGOF3YLGDMO.pcm

SwiftExplicitDependencyGeneratePcm arm64 /Users/builder/clone/build/ModuleCache.noindex/_Builtin_inttypes-6KVMU9RCCJ7PDGXS2OWJXGL3V.pcm

SwiftExplicitDependencyGeneratePcm arm64 /Users/builder/clone/build/ModuleCache.noindex/Darwin-4ADV36AD603VZR4M0PP2S4F8T.pcm

SwiftExplicitDependencyGeneratePcm arm64 /Users/builder/clone/build/ModuleCache.noindex/simd-BXC0PGSJ1I7LH313WKBIPGUV.pcm

SwiftExplicitDependencyGeneratePcm arm64 /Users/builder/clone/build/ModuleCache.noindex/MachO-BTSF17XG9UYWSQG577WRXAUSH.pcm

SwiftExplicitDependencyGeneratePcm arm64 /Users/builder/clone/build/ModuleCache.noindex/ObjectiveC-2PGWWUEE9F2OMI68C4Q9WNLWU.pcm

SwiftExplicitDependencyGeneratePcm arm64 /Users/builder/clone/build/ModuleCache.noindex/os_object-9S6WUKAIU5V0N26EQIAX2M0SH.pcm

SwiftExplicitDependencyGeneratePcm arm64 /Users/builder/clone/build/ModuleCache.noindex/os_workgroup-C6BSTXQY5P24MEEIHCWQ5IDZ3.pcm

SwiftExplicitDependencyGeneratePcm arm64 /Users/builder/clone/build/ModuleCache.noindex/Spatial-BWLO1IJOGE361YMYM9R6PZBHK.pcm

SwiftExplicitDependencyGeneratePcm arm64 /Users/builder/clone/build/ModuleCache.noindex/Dispatch-V0IT8CNMGTC8VH9PKS4FDX5.pcm

SwiftExplicitDependencyGeneratePcm arm64 /Users/builder/clone/build/ModuleCache.noindex/CoreFoundation-A7IULIYJID28SY455XO9LRS58.pcm

SwiftExplicitDependencyGeneratePcm arm64 /Users/builder/clone/build/ModuleCache.noindex/XPC-60GLAJJW5ZS4DOO311541DMAG.pcm

SwiftExplicitDependencyGeneratePcm arm64 /Users/builder/clone/build/ModuleCache.noindex/os-E71G62SAVGQAD91YDTFK5D7IN.pcm

SwiftExplicitDependencyGeneratePcm arm64 /Users/builder/clone/build/ModuleCache.noindex/CFNetwork-30R5TRJX8257ZDJ08Y02NG8CC.pcm

SwiftExplicitDependencyGeneratePcm arm64 /Users/builder/clone/build/ModuleCache.noindex/Security-AT5HCL946R466VWAMQ57CWQXQ.pcm

SwiftExplicitDependencyGeneratePcm arm64 /Users/builder/clone/build/ModuleCache.noindex/CoreGraphics-98CR3946JW7P4EXSMFAKUKFG9.pcm

SwiftExplicitDependencyGeneratePcm arm64 /Users/builder/clone/build/ModuleCache.noindex/Foundation-EVJ5GPBA8EOORS8A04F3P2SBV.pcm

SwiftExplicitDependencyGeneratePcm arm64 /Users/builder/clone/build/ModuleCache.noindex/ImageIO-EVQAB2GCVT28WIHZ1VK0FPFB.pcm

SwiftExplicitDependencyGeneratePcm arm64 /Users/builder/clone/build/ModuleCache.noindex/CoreText-BK53IK1QLJQ03WEW03MWC8GB1.pcm

SwiftExplicitDependencyGeneratePcm arm64 /Users/builder/clone/build/ModuleCache.noindex/FileProvider-76GDPUN5KDSP5PCKZKOFWY6P7.pcm

SwiftExplicitDependencyGeneratePcm arm64 /Users/builder/clone/build/ModuleCache.noindex/OSLog-2NQ61MS1QIY837HTAVJV223EW.pcm

SwiftExplicitDependencyGeneratePcm arm64 /Users/builder/clone/build/ModuleCache.noindex/CoreTransferable-CDLA2LA9GGMI1JR3O85AD9AON.pcm

SwiftExplicitDependencyGeneratePcm arm64 /Users/builder/clone/build/ModuleCache.noindex/UIUtilities-C3DQ83BM0MAXRLB4M4GB75P9Z.pcm

SwiftExplicitDependencyGeneratePcm arm64 /Users/builder/clone/build/ModuleCache.noindex/IOSurface-9L9OW4KZVKVC1EBQHHIZ7A2NO.pcm

SwiftExplicitDependencyGeneratePcm arm64 /Users/builder/clone/build/ModuleCache.noindex/Symbols-204IY26W7MWBRUJ14O8M8V8X6.pcm

SwiftExplicitDependencyGeneratePcm arm64 /Users/builder/clone/build/ModuleCache.noindex/CoreData-1Q4DY6UO10D4EHPS520CO39OE.pcm

SwiftExplicitDependencyGeneratePcm arm64 /Users/builder/clone/build/ModuleCache.noindex/UniformTypeIdentifiers-AUAOV0AW8PSAZEHAQM8HDL8RT.pcm

SwiftExplicitDependencyGeneratePcm arm64 /Users/builder/clone/build/ModuleCache.noindex/Accessibility-2J7OWWCQ6BQBGOFQETIAP74OX.pcm

SwiftExplicitDependencyGeneratePcm arm64 /Users/builder/clone/build/ModuleCache.noindex/UserNotifications-BNYFZV4CIFL6C44G2SGM90XD3.pcm

SwiftExplicitDependencyGeneratePcm arm64 /Users/builder/clone/build/ModuleCache.noindex/DataDetection-B7BET286NVG0FB68Y1YOLVALR.pcm

SwiftExplicitDependencyGeneratePcm arm64 /Users/builder/clone/build/ModuleCache.noindex/Metal-C6HLMMJ44PT5A4RYEYWT9055C.pcm

SwiftExplicitDependencyGeneratePcm arm64 /Users/builder/clone/build/ModuleCache.noindex/OpenGLES-72RA1TWUX4POYIONMLQX5CP9S.pcm

SwiftExplicitDependencyGeneratePcm arm64 /Users/builder/clone/build/ModuleCache.noindex/CoreVideo-9FDMY5YNXQG30O3K1JVX8UY5Z.pcm

SwiftExplicitDependencyGeneratePcm arm64 /Users/builder/clone/build/ModuleCache.noindex/CoreImage-NBV3D8GQ1QBXMJQHVP5A4PEW.pcm

SwiftExplicitDependencyGeneratePcm arm64 /Users/builder/clone/build/ModuleCache.noindex/QuartzCore-4WIW1JJLK8IIZEN63WK7SJPVW.pcm

SwiftExplicitDependencyGeneratePcm arm64 /Users/builder/clone/build/ModuleCache.noindex/SwiftUICore-3TSXSW4QEOWZ2JBTM7X67DSRH.pcm

SwiftExplicitDependencyGeneratePcm arm64 /Users/builder/clone/build/ModuleCache.noindex/UIKit-AZUFHOVDDXTAI1S23LKLOWSMO.pcm

SwiftExplicitDependencyGeneratePcm arm64 /Users/builder/clone/build/ModuleCache.noindex/SwiftUI-AQ7SVZMAN3J2P2QGQGGKI8ZN.pcm

SwiftCompile normal arm64 Compiling\ BoardSettings.swift,\ ContentView.swift,\ GlowboardApp.swift,\ LEDBoardView.swift,\ Rasterizer.swift /Users/builder/clone/Sources/BoardSettings.swift /Users/builder/clone/Sources/ContentView.swift /Users/builder/clone/Sources/GlowboardApp.swift /Users/builder/clone/Sources/LEDBoardView.swift /Users/builder/clone/Sources/Rasterizer.swift /Applications/Xcode-26.4.app/Contents/Developer/Toolchains/XcodeDefault.xctoolchain/usr/lib/swift/iphoneos/prebuilt-modules/26.4/Observation.swiftmodule/arm64e-apple-ios.swiftmodule /Applications/Xcode-26.4.app/Contents/Developer/Toolchains/XcodeDefault.xctoolchain/usr/lib/swift/iphoneos/prebuilt-modules/26.4/SwiftUI.swiftmodule/arm64e-apple-ios.swiftmodule /Applications/Xcode-26.4.app/Contents/Developer/Toolchains/XcodeDefault.xctoolchain/usr/lib/swift/iphoneos/prebuilt-modules/26.4/CoreVideo.swiftmodule/arm64e-apple-ios.swiftmodule /Applications/Xcode-26.4.app/Contents/Developer/Toolchains/XcodeDefault.xctoolchain/usr/lib/swift/iphoneos/prebuilt-modules/26.4/CoreImage.swiftmodule/arm64e-apple-ios.swiftmodule /Applications/Xcode-26.4.app/Contents/Developer/Toolchains/XcodeDefault.xctoolchain/usr/lib/swift/iphoneos/prebuilt-modules/26.4/_DarwinFoundation1.swiftmodule/arm64e-apple-ios.swiftmodule /Applications/Xcode-26.4.app/Contents/Developer/Toolchains/XcodeDefault.xctoolchain/usr/lib/swift/iphoneos/prebuilt-modules/26.4/simd.swiftmodule/arm64e-apple-ios.swiftmodule /Applications/Xcode-26.4.app/Contents/Developer/Toolchains/XcodeDefault.xctoolchain/usr/lib/swift/iphoneos/prebuilt-modules/26.4/ObjectiveC.swiftmodule/arm64e-apple-ios.swiftmodule /Applications/Xcode-26.4.app/Contents/Developer/Toolchains/XcodeDefault.xctoolchain/usr/lib/swift/iphoneos/prebuilt-modules/26.4/Foundation.swiftmodule/arm64e-apple-ios.swiftmodule /Applications/Xcode-26.4.app/Contents/Developer/Toolchains/XcodeDefault.xctoolchain/usr/lib/swift/iphoneos/prebuilt-modules/26.4/Metal.swiftmodule/arm64e-apple-ios.swiftmodule /Applications/Xcode-26.4.app/Contents/Developer/Toolchains/XcodeDefault.xctoolchain/usr/lib/swift/iphoneos/prebuilt-modules/26.4/CoreTransferable.swiftmodule/arm64e-apple-ios.swiftmodule /Applications/Xcode-26.4.app/Contents/Developer/Toolchains/XcodeDefault.xctoolchain/usr/lib/swift/iphoneos/prebuilt-modules/26.4/DataDetection.swiftmodule/arm64e-apple-ios.swiftmodule /Applications/Xcode-26.4.app/Contents/Developer/Toolchains/XcodeDefault.xctoolchain/usr/lib/swift/iphoneos/prebuilt-modules/26.4/_StringProcessing.swiftmodule/arm64e-apple-ios.swiftmodule /Applications/Xcode-26.4.app/Contents/Developer/Toolchains/XcodeDefault.xctoolchain/usr/lib/swift/iphoneos/prebuilt-modules/26.4/CoreGraphics.swiftmodule/arm64e-apple-ios.swiftmodule /Applications/Xcode-26.4.app/Contents/Developer/Toolchains/XcodeDefault.xctoolchain/usr/lib/swift/iphoneos/prebuilt-modules/26.4/SwiftUICore.swiftmodule/arm64e-apple-ios.swiftmodule /Applications/Xcode-26.4.app/Contents/Developer/Toolchains/XcodeDefault.xctoolchain/usr/lib/swift/iphoneos/prebuilt-modules/26.4/DeveloperToolsSupport.swiftmodule/arm64e-apple-ios.swiftmodule /Applications/Xcode-26.4.app/Contents/Developer/Toolchains/XcodeDefault.xctoolchain/usr/lib/swift/iphoneos/prebuilt-modules/26.4/Swift.swiftmodule/arm64e-apple-ios.swiftmodule /Applications/Xcode-26.4.app/Contents/Developer/Toolchains/XcodeDefault.xctoolchain/usr/lib/swift/iphoneos/prebuilt-modules/26.4/_Builtin_float.swiftmodule/arm64e-apple-ios.swiftmodule /Applications/Xcode-26.4.app/Contents/Developer/Toolchains/XcodeDefault.xctoolchain/usr/lib/swift/iphoneos/prebuilt-modules/26.4/Symbols.swiftmodule/arm64e-apple-ios.swiftmodule /Applications/Xcode-26.4.app/Contents/Developer/Toolchains/XcodeDefault.xctoolchain/usr/lib/swift/iphoneos/prebuilt-modules/26.4/Darwin.swiftmodule/arm64e-apple-ios.swiftmodule /Applications/Xcode-26.4.app/Contents/Developer/Toolchains/XcodeDefault.xctoolchain/usr/lib/swift/iphoneos/prebuilt-modules/26.4/CoreText.swiftmodule/arm64e-apple-ios.swiftmodule /Applications/Xcode-26.4.app/Contents/Developer/Toolchains/XcodeDefault.xctoolchain/usr/lib/swift/iphoneos/prebuilt-modules/26.4/QuartzCore.swiftmodule/arm64e-apple-ios.swiftmodule /Applications/Xcode-26.4.app/Contents/Developer/Toolchains/XcodeDefault.xctoolchain/usr/lib/swift/iphoneos/prebuilt-modules/26.4/os.swiftmodule/arm64e-apple-ios.swiftmodule /Applications/Xcode-26.4.app/Contents/Developer/Toolchains/XcodeDefault.xctoolchain/usr/lib/swift/iphoneos/prebuilt-modules/26.4/OSLog.swiftmodule/arm64e-apple-ios.swiftmodule /Applications/Xcode-26.4.app/Contents/Developer/Toolchains/XcodeDefault.xctoolchain/usr/lib/swift/iphoneos/prebuilt-modules/26.4/System.swiftmodule/arm64e-apple-ios.swiftmodule /Applications/Xcode-26.4.app/Contents/Developer/Toolchains/XcodeDefault.xctoolchain/usr/lib/swift/iphoneos/prebuilt-modules/26.4/XPC.swiftmodule/arm64e-apple-ios.swiftmodule /Applications/Xcode-26.4.app/Contents/Developer/Toolchains/XcodeDefault.xctoolchain/usr/lib/swift/iphoneos/prebuilt-modules/26.4/Spatial.swiftmodule/arm64e-apple-ios.swiftmodule /Applications/Xcode-26.4.app/Contents/Developer/Toolchains/XcodeDefault.xctoolchain/usr/lib/swift/iphoneos/prebuilt-modules/26.4/_DarwinFoundation2.swiftmodule/arm64e-apple-ios.swiftmodule /Applications/Xcode-26.4.app/Contents/Developer/Toolchains/XcodeDefault.xctoolchain/usr/lib/swift/iphoneos/prebuilt-modules/26.4/UniformTypeIdentifiers.swiftmodule/arm64e-apple-ios.swiftmodule /Applications/Xcode-26.4.app/Contents/Developer/Toolchains/XcodeDefault.xctoolchain/usr/lib/swift/iphoneos/prebuilt-modules/26.4/CoreData.swiftmodule/arm64e-apple-ios.swiftmodule /Applications/Xcode-26.4.app/Contents/Developer/Toolchains/XcodeDefault.xctoolchain/usr/lib/swift/iphoneos/prebuilt-modules/26.4/FileProvider.swiftmodule/arm64e-apple-ios.swiftmodule /Applications/Xcode-26.4.app/Contents/Developer/Toolchains/XcodeDefault.xctoolchain/usr/lib/swift/iphoneos/prebuilt-modules/26.4/Accessibility.swiftmodule/arm64e-apple-ios.swiftmodule /Applications/Xcode-26.4.app/Contents/Developer/Toolchains/XcodeDefault.xctoolchain/usr/lib/swift/iphoneos/prebuilt-modules/26.4/Combine.swiftmodule/arm64e-apple-ios.swiftmodule /Applications/Xcode-26.4.app/Contents/Developer/Toolchains/XcodeDefault.xctoolchain/usr/lib/swift/iphoneos/prebuilt-modules/26.4/_DarwinFoundation3.swiftmodule/arm64e-apple-ios.swiftmodule /Applications/Xcode-26.4.app/Contents/Developer/Toolchains/XcodeDefault.xctoolchain/usr/lib/swift/iphoneos/prebuilt-modules/26.4/_Concurrency.swiftmodule/arm64e-apple-ios.swiftmodule /Applications/Xcode-26.4.app/Contents/Developer/Toolchains/XcodeDefault.xctoolchain/usr/lib/swift/iphoneos/prebuilt-modules/26.4/CoreFoundation.swiftmodule/arm64e-apple-ios.swiftmodule /Applications/Xcode-26.4.app/Contents/Developer/Toolchains/XcodeDefault.xctoolchain/usr/lib/swift/iphoneos/prebuilt-modules/26.4/Dispatch.swiftmodule/arm64e-apple-ios.swiftmodule /Applications/Xcode-26.4.app/Contents/Developer/Toolchains/XcodeDefault.xctoolchain/usr/lib/swift/iphoneos/prebuilt-modules/26.4/UIKit.swiftmodule/arm64e-apple-ios.swiftmodule /Users/builder/clone/build/ModuleCache.noindex/_SwiftConcurrencyShims-1CGIADTMAR9UAJ8PF0DA2FPWN.pcm /Users/builder/clone/build/ModuleCache.noindex/DataDetection-B7BET286NVG0FB68Y1YOLVALR.pcm /Users/builder/clone/build/ModuleCache.noindex/_AvailabilityInternal-6YQF6YMY3WUC42Z147LWRZF04.pcm /Users/builder/clone/build/ModuleCache.noindex/Security-AT5HCL946R466VWAMQ57CWQXQ.pcm /Users/builder/clone/build/ModuleCache.noindex/XPC-60GLAJJW5ZS4DOO311541DMAG.pcm /Users/builder/clone/build/ModuleCache.noindex/_DarwinFoundation2-9LC7S8F14R735T9JYNL2NUU61.pcm /Users/builder/clone/build/ModuleCache.noindex/_Builtin_stdarg-BFPOVNKDFDT2T6QKIKBU5F3UQ.pcm /Users/builder/clone/build/ModuleCache.noindex/ptrcheck-ALS7L3FV5HXLK0BLDC7I3RIVZ.pcm /Users/builder/clone/build/ModuleCache.noindex/CoreText-BK53IK1QLJQ03WEW03MWC8GB1.pcm /Users/builder/clone/build/ModuleCache.noindex/_Builtin_stdbool-BGHIGZN5QBYRNJP2V02D5RB3T.pcm /Users/builder/clone/build/ModuleCache.noindex/OSLog-2NQ61MS1QIY837HTAVJV223EW.pcm /Users/builder/clone/build/ModuleCache.noindex/os_object-9S6WUKAIU5V0N26EQIAX2M0SH.pcm /Users/builder/clone/build/ModuleCache.noindex/Dispatch-V0IT8CNMGTC8VH9PKS4FDX5.pcm /Users/builder/clone/build/ModuleCache.noindex/Darwin-4ADV36AD603VZR4M0PP2S4F8T.pcm /Users/builder/clone/build/ModuleCache.noindex/Spatial-BWLO1IJOGE361YMYM9R6PZBHK.pcm /Users/builder/clone/build/ModuleCache.noindex/CoreFoundation-A7IULIYJID28SY455XO9LRS58.pcm /Users/builder/clone/build/ModuleCache.noindex/CoreGraphics-98CR3946JW7P4EXSMFAKUKFG9.pcm /Users/builder/clone/build/ModuleCache.noindex/DeveloperToolsSupport-A34TLED098BULE2NP219XP4HY.pcm /Users/builder/clone/build/ModuleCache.noindex/UserNotifications-BNYFZV4CIFL6C44G2SGM90XD3.pcm /Users/builder/clone/build/ModuleCache.noindex/_DarwinFoundation1-RSLCXWQWY475KUUBRR4O8K0D.pcm /Users/builder/clone/build/ModuleCache.noindex/_Builtin_tgmath-21P82LQTX07N48TELLSWASFM5.pcm /Users/builder/clone/build/ModuleCache.noindex/ptrauth-381XKFNKHZFQ8MMG7XEIEDXSZ.pcm /Users/builder/clone/build/ModuleCache.noindex/SwiftUI-AQ7SVZMAN3J2P2QGQGGKI8ZN.pcm /Users/builder/clone/build/ModuleCache.noindex/UniformTypeIdentifiers-AUAOV0AW8PSAZEHAQM8HDL8RT.pcm /Users/builder/clone/build/ModuleCache.noindex/MachO-BTSF17XG9UYWSQG577WRXAUSH.pcm /Users/builder/clone/build/ModuleCache.noindex/ImageIO-EVQAB2GCVT28WIHZ1VK0FPFB.pcm /Users/builder/clone/build/ModuleCache.noindex/Accessibility-2J7OWWCQ6BQBGOFQETIAP74OX.pcm /Users/builder/clone/build/ModuleCache.noindex/CFNetwork-30R5TRJX8257ZDJ08Y02NG8CC.pcm /Users/builder/clone/build/ModuleCache.noindex/Symbols-204IY26W7MWBRUJ14O8M8V8X6.pcm /Users/builder/clone/build/ModuleCache.noindex/SwiftShims-9A6D1XTK65AH5REXGEHF2IZJN.pcm /Users/builder/clone/build/ModuleCache.noindex/ObjectiveC-2PGWWUEE9F2OMI68C4Q9WNLWU.pcm /Users/builder/clone/build/ModuleCache.noindex/os_workgroup-C6BSTXQY5P24MEEIHCWQ5IDZ3.pcm /Users/builder/clone/build/ModuleCache.noindex/CoreTransferable-CDLA2LA9GGMI1JR3O85AD9AON.pcm /Users/builder/clone/build/ModuleCache.noindex/UIUtilities-C3DQ83BM0MAXRLB4M4GB75P9Z.pcm /Users/builder/clone/build/ModuleCache.noindex/SwiftUICore-3TSXSW4QEOWZ2JBTM7X67DSRH.pcm /Users/builder/clone/build/ModuleCache.noindex/UIKit-AZUFHOVDDXTAI1S23LKLOWSMO.pcm /Users/builder/clone/build/ModuleCache.noindex/_DarwinFoundation3-BWPW0TEFHLPXM2FWWX33WXWU7.pcm /Users/builder/clone/build/ModuleCache.noindex/Metal-C6HLMMJ44PT5A4RYEYWT9055C.pcm /Users/builder/clone/build/ModuleCache.noindex/_Builtin_stdatomic-CUHEXJ28AOD5Z55UKPNKOCJ2V.pcm /Users/builder/clone/build/ModuleCache.noindex/_Builtin_limits-41O7ZD24X1GELP00S5HSCBDI0.pcm /Users/builder/clone/build/ModuleCache.noindex/QuartzCore-4WIW1JJLK8IIZEN63WK7SJPVW.pcm /Users/builder/clone/build/ModuleCache.noindex/_Builtin_stddef-DZOYH08XJL48D3SI5OAFKIBD6.pcm /Users/builder/clone/build/ModuleCache.noindex/simd-BXC0PGSJ1I7LH313WKBIPGUV.pcm /Users/builder/clone/build/ModuleCache.noindex/_Builtin_float-5HD41IS7616NBJZGMKV1K3RU8.pcm /Users/builder/clone/build/ModuleCache.noindex/os-E71G62SAVGQAD91YDTFK5D7IN.pcm /Users/builder/clone/build/ModuleCache.noindex/Foundation-EVJ5GPBA8EOORS8A04F3P2SBV.pcm /Users/builder/clone/build/ModuleCache.noindex/CoreVideo-9FDMY5YNXQG30O3K1JVX8UY5Z.pcm /Users/builder/clone/build/ModuleCache.noindex/FileProvider-76GDPUN5KDSP5PCKZKOFWY6P7.pcm /Users/builder/clone/build/ModuleCache.noindex/CoreImage-NBV3D8GQ1QBXMJQHVP5A4PEW.pcm /Users/builder/clone/build/ModuleCache.noindex/_Builtin_stdint-3KF4BGNQDXLAJIOIRV9Y0OOJD.pcm /Users/builder/clone/build/ModuleCache.noindex/_Builtin_intrinsics-3WQ16JLGCE2NTIEGOF3YLGDMO.pcm /Users/builder/clone/build/ModuleCache.noindex/_Builtin_inttypes-6KVMU9RCCJ7PDGXS2OWJXGL3V.pcm /Users/builder/clone/build/ModuleCache.noindex/sys_types-CDZ1K86JQDBGHI7E5D9G7YR14.pcm /Users/builder/clone/build/ModuleCache.noindex/IOSurface-9L9OW4KZVKVC1EBQHHIZ7A2NO.pcm /Users/builder/clone/build/ModuleCache.noindex/CoreData-1Q4DY6UO10D4EHPS520CO39OE.pcm /Users/builder/clone/build/ModuleCache.noindex/OpenGLES-72RA1TWUX4POYIONMLQX5CP9S.pcm /Users/builder/clone/build/Build/Intermediates.noindex/Glowboard.build/Release-iphoneos/Glowboard.build/Objects-normal/arm64/Glowboard-dependencies-1.json (in target 'Glowboard' from project 'Glowboard')

CompileSwift normal arm64 (in target 'Glowboard' from project 'Glowboard')
    cd /Users/builder/clone
    
/Users/builder/clone/Sources/LEDBoardView.swift:154:68: error: extra argument 'size' in call
        let rect = CGRect(x: x - padding, y: -padding, size: image.size)
                         ~~~~~~~~~~~~~~~~~~~~~~~~~~~~~~~~~~~~~~~~~~^~~~~

Failed frontend command:
/Applications/Xcode-26.4.app/Contents/Developer/Toolchains/XcodeDefault.xctoolchain/usr/bin/swift-frontend -frontend -c /Users/builder/clone/Sources/BoardSettings.swift /Users/builder/clone/Sources/ContentView.swift /Users/builder/clone/Sources/GlowboardApp.swift /Users/builder/clone/Sources/LEDBoardView.swift /Users/builder/clone/Sources/Rasterizer.swift -supplementary-output-file-map /Users/builder/clone/build/Build/Intermediates.noindex/Glowboard.build/Release-iphoneos/Glowboard.build/Objects-normal/arm64/supplementaryOutputs-1 -target arm64-apple-ios16.0 -load-resolved-plugin /Applications/Xcode-26.4.app/Contents/Developer/Platforms/iPhoneOS.platform/Developer/usr/lib/swift/host/plugins/libFoundationMacros.dylib\#/Applications/Xcode-26.4.app/Contents/Developer/Platforms/iPhoneOS.platform/Developer/usr/bin/swift-plugin-server\#FoundationMacros -load-resolved-plugin /Applications/Xcode-26.4.app/Contents/Developer/Platforms/iPhoneOS.platform/Developer/usr/lib/swift/host/plugins/libObservationMacros.dylib\#/Applications/Xcode-26.4.app/Contents/Developer/Platforms/iPhoneOS.platform/Developer/usr/bin/swift-plugin-server\#ObservationMacros -load-resolved-plugin /Applications/Xcode-26.4.app/Contents/Developer/Platforms/iPhoneOS.platform/Developer/usr/lib/swift/host/plugins/libPreviewsMacros.dylib\#/Applications/Xcode-26.4.app/Contents/Developer/Platforms/iPhoneOS.platform/Developer/usr/bin/swift-plugin-server\#PreviewsMacros -load-resolved-plugin /Applications/Xcode-26.4.app/Contents/Developer/Platforms/iPhoneOS.platform/Developer/usr/lib/swift/host/plugins/libSwiftMacros.dylib\#/Applications/Xcode-26.4.app/Contents/Developer/Platforms/iPhoneOS.platform/Developer/usr/bin/swift-plugin-server\#SwiftMacros -load-resolved-plugin /Applications/Xcode-26.4.app/Contents/Developer/Platforms/iPhoneOS.platform/Developer/usr/lib/swift/host/plugins/libSwiftUIMacros.dylib\#/Applications/Xcode-26.4.app/Contents/Developer/Platforms/iPhoneOS.platform/Developer/usr/bin/swift-plugin-server\#SwiftUIMacros -disable-implicit-swift-modules -Xcc -fno-implicit-modules -Xcc -fno-implicit-module-maps -explicit-swift-module-map-file /Users/builder/clone/build/Build/Intermediates.noindex/Glowboard.build/Release-iphoneos/Glowboard.build/Objects-normal/arm64/Glowboard-dependencies-1.json -debug-module-path /Users/builder/clone/build/Build/Intermediates.noindex/Glowboard.build/Release-iphoneos/Glowboard.build/Objects-normal/arm64/Glowboard.swiftmodule -Xllvm -aarch64-use-tbi -enable-objc-interop -stack-check -sdk /Applications/Xcode-26.4.app/Contents/Developer/Platforms/iPhoneOS.platform/Developer/SDKs/iPhoneOS26.4.sdk -I /Users/builder/clone/build/Build/Products/Release-iphoneos -F /Users/builder/clone/build/Build/Products/Release-iphoneos -no-color-diagnostics -Xcc -fno-color-diagnostics -g -debug-info-format\=dwarf -dwarf-version\=4 -module-cache-path /Users/builder/clone/build/Build/Intermediates.noindex/SwiftExplicitPrecompiledModules -swift-version 5 -O -serialize-debugging-options -const-gather-protocols-file /Users/builder/clone/build/Build/Intermediates.noindex/Glowboard.build/Release-iphoneos/Glowboard.build/Objects-normal/arm64/Glowboard_const_extract_protocols.json -enable-experimental-feature DebugDescriptionMacro -enable-bare-slash-regex -empty-abi-descriptor -validate-clang-modules-once -clang-build-session-file /Users/builder/clone/build/ModuleCache.noindex/Session.modulevalidation -Xcc -working-directory -Xcc /Users/builder/clone -file-compilation-dir /Users/builder/clone -Xcc -ivfsstatcache -Xcc /Users/builder/clone/build/SDKStatCaches.noindex/iphoneos26.4-23E252-dc38477e7e47e42951976ad86cc01fb3.sdkstatcache -Xcc -I/Users/builder/clone/build/Build/Intermediates.noindex/Glowboard.build/Release-iphoneos/Glowboard.build/swift-overrides.hmap -Xcc -iquote -Xcc /Users/builder/clone/build/Build/Intermediates.noindex/Glowboard.build/Release-iphoneos/Glowboard.build/Glowboard-generated-files.hmap -Xcc -I/Users/builder/clone/build/Build/Intermediates.noindex/Glowboard.build/Release-iphoneos/Glowboard.build/Glowboard-own-target-headers.hmap -Xcc -I/Users/builder/clone/build/Build/Intermediates.noindex/Glowboard.build/Release-iphoneos/Glowboard.build/Glowboard-all-target-headers.hmap -Xcc -iquote -Xcc /Users/builder/clone/build/Build/Intermediates.noindex/Glowboard.build/Release-iphoneos/Glowboard.build/Glowboard-project-headers.hmap -Xcc -I/Users/builder/clone/build/Build/Products/Release-iphoneos/include -Xcc -I/Users/builder/clone/build/Build/Intermediates.noindex/Glowboard.build/Release-iphoneos/Glowboard.build/DerivedSources-normal/arm64 -Xcc -I/Users/builder/clone/build/Build/Intermediates.noindex/Glowboard.build/Release-iphoneos/Glowboard.build/DerivedSources/arm64 -Xcc -I/Users/builder/clone/build/Build/Intermediates.noindex/Glowboard.build/Release-iphoneos/Glowboard.build/DerivedSources -no-auto-bridging-header-chaining -module-name Glowboard -frontend-parseable-output -disable-clang-spi -clang-target arm64-apple-ios26.4 -target-sdk-version 26.4 -target-sdk-name iphoneos26.4 -in-process-plugin-server-path /Applications/Xcode-26.4.app/Contents/Developer/Toolchains/XcodeDefault.xctoolchain/usr/lib/swift/host/libSwiftInProcPluginServer.dylib -enable-default-cmo -num-threads 8 -o /Users/builder/clone/build/Build/Intermediates.noindex/Glowboard.build/Release-iphoneos/Glowboard.build/Objects-normal/arm64/BoardSettings.o -o /Users/builder/clone/build/Build/Intermediates.noindex/Glowboard.build/Release-iphoneos/Glowboard.build/Objects-normal/arm64/ContentView.o -o /Users/builder/clone/build/Build/Intermediates.noindex/Glowboard.build/Release-iphoneos/Glowboard.build/Objects-normal/arm64/GlowboardApp.o -o /Users/builder/clone/build/Build/Intermediates.noindex/Glowboard.build/Release-iphoneos/Glowboard.build/Objects-normal/arm64/LEDBoardView.o -o /Users/builder/clone/build/Build/Intermediates.noindex/Glowboard.build/Release-iphoneos/Glowboard.build/Objects-normal/arm64/Rasterizer.o -index-unit-output-path /Glowboard.build/Release-iphoneos/Glowboard.build/Objects-normal/arm64/BoardSettings.o -index-unit-output-path /Glowboard.build/Release-iphoneos/Glowboard.build/Objects-normal/arm64/ContentView.o -index-unit-output-path /Glowboard.build/Release-iphoneos/Glowboard.build/Objects-normal/arm64/GlowboardApp.o -index-unit-output-path /Glowboard.build/Release-iphoneos/Glowboard.build/Objects-normal/arm64/LEDBoardView.o -index-unit-output-path /Glowboard.build/Release-iphoneos/Glowboard.build/Objects-normal/arm64/Rasterizer.o
** BUILD FAILED **


The following build commands failed:
	CompileSwift normal arm64 (in target 'Glowboard' from project 'Glowboard')
	SwiftCompile normal arm64 Compiling\ BoardSettings.swift,\ ContentView.swift,\ GlowboardApp.swift,\ LEDBoardView.swift,\ Rasterizer.swift /Users/builder/clone/Sources/BoardSettings.swift /Users/builder/clone/Sources/ContentView.swift /Users/builder/clone/Sources/GlowboardApp.swift /Users/builder/clone/Sources/LEDBoardView.swift /Users/builder/clone/Sources/Rasterizer.swift /Applications/Xcode-26.4.app/Contents/Developer/Toolchains/XcodeDefault.xctoolchain/usr/lib/swift/iphoneos/prebuilt-modules/26.4/Observation.swiftmodule/arm64e-apple-ios.swiftmodule /Applications/Xcode-26.4.app/Contents/Developer/Toolchains/XcodeDefault.xctoolchain/usr/lib/swift/iphoneos/prebuilt-modules/26.4/SwiftUI.swiftmodule/arm64e-apple-ios.swiftmodule /Applications/Xcode-26.4.app/Contents/Developer/Toolchains/XcodeDefault.xctoolchain/usr/lib/swift/iphoneos/prebuilt-modules/26.4/CoreVideo.swiftmodule/arm64e-apple-ios.swiftmodule /Applications/Xcode-26.4.app/Contents/Developer/Toolchains/XcodeDefault.xctoolchain/usr/lib/swift/iphoneos/prebuilt-modules/26.4/CoreImage.swiftmodule/arm64e-apple-ios.swiftmodule /Applications/Xcode-26.4.app/Contents/Developer/Toolchains/XcodeDefault.xctoolchain/usr/lib/swift/iphoneos/prebuilt-modules/26.4/_DarwinFoundation1.swiftmodule/arm64e-apple-ios.swiftmodule /Applications/Xcode-26.4.app/Contents/Developer/Toolchains/XcodeDefault.xctoolchain/usr/lib/swift/iphoneos/prebuilt-modules/26.4/simd.swiftmodule/arm64e-apple-ios.swiftmodule /Applications/Xcode-26.4.app/Contents/Developer/Toolchains/XcodeDefault.xctoolchain/usr/lib/swift/iphoneos/prebuilt-modules/26.4/ObjectiveC.swiftmodule/arm64e-apple-ios.swiftmodule /Applications/Xcode-26.4.app/Contents/Developer/Toolchains/XcodeDefault.xctoolchain/usr/lib/swift/iphoneos/prebuilt-modules/26.4/Foundation.swiftmodule/arm64e-apple-ios.swiftmodule /Applications/Xcode-26.4.app/Contents/Developer/Toolchains/XcodeDefault.xctoolchain/usr/lib/swift/iphoneos/prebuilt-modules/26.4/Metal.swiftmodule/arm64e-apple-ios.swiftmodule /Applications/Xcode-26.4.app/Contents/Developer/Toolchains/XcodeDefault.xctoolchain/usr/lib/swift/iphoneos/prebuilt-modules/26.4/CoreTransferable.swiftmodule/arm64e-apple-ios.swiftmodule /Applications/Xcode-26.4.app/Contents/Developer/Toolchains/XcodeDefault.xctoolchain/usr/lib/swift/iphoneos/prebuilt-modules/26.4/DataDetection.swiftmodule/arm64e-apple-ios.swiftmodule /Applications/Xcode-26.4.app/Contents/Developer/Toolchains/XcodeDefault.xctoolchain/usr/lib/swift/iphoneos/prebuilt-modules/26.4/_StringProcessing.swiftmodule/arm64e-apple-ios.swiftmodule /Applications/Xcode-26.4.app/Contents/Developer/Toolchains/XcodeDefault.xctoolchain/usr/lib/swift/iphoneos/prebuilt-modules/26.4/CoreGraphics.swiftmodule/arm64e-apple-ios.swiftmodule /Applications/Xcode-26.4.app/Contents/Developer/Toolchains/XcodeDefault.xctoolchain/usr/lib/swift/iphoneos/prebuilt-modules/26.4/SwiftUICore.swiftmodule/arm64e-apple-ios.swiftmodule /Applications/Xcode-26.4.app/Contents/Developer/Toolchains/XcodeDefault.xctoolchain/usr/lib/swift/iphoneos/prebuilt-modules/26.4/DeveloperToolsSupport.swiftmodule/arm64e-apple-ios.swiftmodule /Applications/Xcode-26.4.app/Contents/Developer/Toolchains/XcodeDefault.xctoolchain/usr/lib/swift/iphoneos/prebuilt-modules/26.4/Swift.swiftmodule/arm64e-apple-ios.swiftmodule /Applications/Xcode-26.4.app/Contents/Developer/Toolchains/XcodeDefault.xctoolchain/usr/lib/swift/iphoneos/prebuilt-modules/26.4/_Builtin_float.swiftmodule/arm64e-apple-ios.swiftmodule /Applications/Xcode-26.4.app/Contents/Developer/Toolchains/XcodeDefault.xctoolchain/usr/lib/swift/iphoneos/prebuilt-modules/26.4/Symbols.swiftmodule/arm64e-apple-ios.swiftmodule /Applications/Xcode-26.4.app/Contents/Developer/Toolchains/XcodeDefault.xctoolchain/usr/lib/swift/iphoneos/prebuilt-modules/26.4/Darwin.swiftmodule/arm64e-apple-ios.swiftmodule /Applications/Xcode-26.4.app/Contents/Developer/Toolchains/XcodeDefault.xctoolchain/usr/lib/swift/iphoneos/prebuilt-modules/26.4/CoreText.swiftmodule/arm64e-apple-ios.swiftmodule /Applications/Xcode-26.4.app/Contents/Developer/Toolchains/XcodeDefault.xctoolchain/usr/lib/swift/iphoneos/prebuilt-modules/26.4/QuartzCore.swiftmodule/arm64e-apple-ios.swiftmodule /Applications/Xcode-26.4.app/Contents/Developer/Toolchains/XcodeDefault.xctoolchain/usr/lib/swift/iphoneos/prebuilt-modules/26.4/os.swiftmodule/arm64e-apple-ios.swiftmodule /Applications/Xcode-26.4.app/Contents/Developer/Toolchains/XcodeDefault.xctoolchain/usr/lib/swift/iphoneos/prebuilt-modules/26.4/OSLog.swiftmodule/arm64e-apple-ios.swiftmodule /Applications/Xcode-26.4.app/Contents/Developer/Toolchains/XcodeDefault.xctoolchain/usr/lib/swift/iphoneos/prebuilt-modules/26.4/System.swiftmodule/arm64e-apple-ios.swiftmodule /Applications/Xcode-26.4.app/Contents/Developer/Toolchains/XcodeDefault.xctoolchain/usr/lib/swift/iphoneos/prebuilt-modules/26.4/XPC.swiftmodule/arm64e-apple-ios.swiftmodule /Applications/Xcode-26.4.app/Contents/Developer/Toolchains/XcodeDefault.xctoolchain/usr/lib/swift/iphoneos/prebuilt-modules/26.4/Spatial.swiftmodule/arm64e-apple-ios.swiftmodule /Applications/Xcode-26.4.app/Contents/Developer/Toolchains/XcodeDefault.xctoolchain/usr/lib/swift/iphoneos/prebuilt-modules/26.4/_DarwinFoundation2.swiftmodule/arm64e-apple-ios.swiftmodule /Applications/Xcode-26.4.app/Contents/Developer/Toolchains/XcodeDefault.xctoolchain/usr/lib/swift/iphoneos/prebuilt-modules/26.4/UniformTypeIdentifiers.swiftmodule/arm64e-apple-ios.swiftmodule /Applications/Xcode-26.4.app/Contents/Developer/Toolchains/XcodeDefault.xctoolchain/usr/lib/swift/iphoneos/prebuilt-modules/26.4/CoreData.swiftmodule/arm64e-apple-ios.swiftmodule /Applications/Xcode-26.4.app/Contents/Developer/Toolchains/XcodeDefault.xctoolchain/usr/lib/swift/iphoneos/prebuilt-modules/26.4/FileProvider.swiftmodule/arm64e-apple-ios.swiftmodule /Applications/Xcode-26.4.app/Contents/Developer/Toolchains/XcodeDefault.xctoolchain/usr/lib/swift/iphoneos/prebuilt-modules/26.4/Accessibility.swiftmodule/arm64e-apple-ios.swiftmodule /Applications/Xcode-26.4.app/Contents/Developer/Toolchains/XcodeDefault.xctoolchain/usr/lib/swift/iphoneos/prebuilt-modules/26.4/Combine.swiftmodule/arm64e-apple-ios.swiftmodule /Applications/Xcode-26.4.app/Contents/Developer/Toolchains/XcodeDefault.xctoolchain/usr/lib/swift/iphoneos/prebuilt-modules/26.4/_DarwinFoundation3.swiftmodule/arm64e-apple-ios.swiftmodule /Applications/Xcode-26.4.app/Contents/Developer/Toolchains/XcodeDefault.xctoolchain/usr/lib/swift/iphoneos/prebuilt-modules/26.4/_Concurrency.swiftmodule/arm64e-apple-ios.swiftmodule /Applications/Xcode-26.4.app/Contents/Developer/Toolchains/XcodeDefault.xctoolchain/usr/lib/swift/iphoneos/prebuilt-modules/26.4/CoreFoundation.swiftmodule/arm64e-apple-ios.swiftmodule /Applications/Xcode-26.4.app/Contents/Developer/Toolchains/XcodeDefault.xctoolchain/usr/lib/swift/iphoneos/prebuilt-modules/26.4/Dispatch.swiftmodule/arm64e-apple-ios.swiftmodule /Applications/Xcode-26.4.app/Contents/Developer/Toolchains/XcodeDefault.xctoolchain/usr/lib/swift/iphoneos/prebuilt-modules/26.4/UIKit.swiftmodule/arm64e-apple-ios.swiftmodule /Users/builder/clone/build/ModuleCache.noindex/_SwiftConcurrencyShims-1CGIADTMAR9UAJ8PF0DA2FPWN.pcm /Users/builder/clone/build/ModuleCache.noindex/DataDetection-B7BET286NVG0FB68Y1YOLVALR.pcm /Users/builder/clone/build/ModuleCache.noindex/_AvailabilityInternal-6YQF6YMY3WUC42Z147LWRZF04.pcm /Users/builder/clone/build/ModuleCache.noindex/Security-AT5HCL946R466VWAMQ57CWQXQ.pcm /Users/builder/clone/build/ModuleCache.noindex/XPC-60GLAJJW5ZS4DOO311541DMAG.pcm /Users/builder/clone/build/ModuleCache.noindex/_DarwinFoundation2-9LC7S8F14R735T9JYNL2NUU61.pcm /Users/builder/clone/build/ModuleCache.noindex/_Builtin_stdarg-BFPOVNKDFDT2T6QKIKBU5F3UQ.pcm /Users/builder/clone/build/ModuleCache.noindex/ptrcheck-ALS7L3FV5HXLK0BLDC7I3RIVZ.pcm /Users/builder/clone/build/ModuleCache.noindex/CoreText-BK53IK1QLJQ03WEW03MWC8GB1.pcm /Users/builder/clone/build/ModuleCache.noindex/_Builtin_stdbool-BGHIGZN5QBYRNJP2V02D5RB3T.pcm /Users/builder/clone/build/ModuleCache.noindex/OSLog-2NQ61MS1QIY837HTAVJV223EW.pcm /Users/builder/clone/build/ModuleCache.noindex/os_object-9S6WUKAIU5V0N26EQIAX2M0SH.pcm /Users/builder/clone/build/ModuleCache.noindex/Dispatch-V0IT8CNMGTC8VH9PKS4FDX5.pcm /Users/builder/clone/build/ModuleCache.noindex/Darwin-4ADV36AD603VZR4M0PP2S4F8T.pcm /Users/builder/clone/build/ModuleCache.noindex/Spatial-BWLO1IJOGE361YMYM9R6PZBHK.pcm /Users/builder/clone/build/ModuleCache.noindex/CoreFoundation-A7IULIYJID28SY455XO9LRS58.pcm /Users/builder/clone/build/ModuleCache.noindex/CoreGraphics-98CR3946JW7P4EXSMFAKUKFG9.pcm /Users/builder/clone/build/ModuleCache.noindex/DeveloperToolsSupport-A34TLED098BULE2NP219XP4HY.pcm /Users/builder/clone/build/ModuleCache.noindex/UserNotifications-BNYFZV4CIFL6C44G2SGM90XD3.pcm /Users/builder/clone/build/ModuleCache.noindex/_DarwinFoundation1-RSLCXWQWY475KUUBRR4O8K0D.pcm /Users/builder/clone/build/ModuleCache.noindex/_Builtin_tgmath-21P82LQTX07N48TELLSWASFM5.pcm /Users/builder/clone/build/ModuleCache.noindex/ptrauth-381XKFNKHZFQ8MMG7XEIEDXSZ.pcm /Users/builder/clone/build/ModuleCache.noindex/SwiftUI-AQ7SVZMAN3J2P2QGQGGKI8ZN.pcm /Users/builder/clone/build/ModuleCache.noindex/UniformTypeIdentifiers-AUAOV0AW8PSAZEHAQM8HDL8RT.pcm /Users/builder/clone/build/ModuleCache.noindex/MachO-BTSF17XG9UYWSQG577WRXAUSH.pcm /Users/builder/clone/build/ModuleCache.noindex/ImageIO-EVQAB2GCVT28WIHZ1VK0FPFB.pcm /Users/builder/clone/build/ModuleCache.noindex/Accessibility-2J7OWWCQ6BQBGOFQETIAP74OX.pcm /Users/builder/clone/build/ModuleCache.noindex/CFNetwork-30R5TRJX8257ZDJ08Y02NG8CC.pcm /Users/builder/clone/build/ModuleCache.noindex/Symbols-204IY26W7MWBRUJ14O8M8V8X6.pcm /Users/builder/clone/build/ModuleCache.noindex/SwiftShims-9A6D1XTK65AH5REXGEHF2IZJN.pcm /Users/builder/clone/build/ModuleCache.noindex/ObjectiveC-2PGWWUEE9F2OMI68C4Q9WNLWU.pcm /Users/builder/clone/build/ModuleCache.noindex/os_workgroup-C6BSTXQY5P24MEEIHCWQ5IDZ3.pcm /Users/builder/clone/build/ModuleCache.noindex/CoreTransferable-CDLA2LA9GGMI1JR3O85AD9AON.pcm /Users/builder/clone/build/ModuleCache.noindex/UIUtilities-C3DQ83BM0MAXRLB4M4GB75P9Z.pcm /Users/builder/clone/build/ModuleCache.noindex/SwiftUICore-3TSXSW4QEOWZ2JBTM7X67DSRH.pcm /Users/builder/clone/build/ModuleCache.noindex/UIKit-AZUFHOVDDXTAI1S23LKLOWSMO.pcm /Users/builder/clone/build/ModuleCache.noindex/_DarwinFoundation3-BWPW0TEFHLPXM2FWWX33WXWU7.pcm /Users/builder/clone/build/ModuleCache.noindex/Metal-C6HLMMJ44PT5A4RYEYWT9055C.pcm /Users/builder/clone/build/ModuleCache.noindex/_Builtin_stdatomic-CUHEXJ28AOD5Z55UKPNKOCJ2V.pcm /Users/builder/clone/build/ModuleCache.noindex/_Builtin_limits-41O7ZD24X1GELP00S5HSCBDI0.pcm /Users/builder/clone/build/ModuleCache.noindex/QuartzCore-4WIW1JJLK8IIZEN63WK7SJPVW.pcm /Users/builder/clone/build/ModuleCache.noindex/_Builtin_stddef-DZOYH08XJL48D3SI5OAFKIBD6.pcm /Users/builder/clone/build/ModuleCache.noindex/simd-BXC0PGSJ1I7LH313WKBIPGUV.pcm /Users/builder/clone/build/ModuleCache.noindex/_Builtin_float-5HD41IS7616NBJZGMKV1K3RU8.pcm /Users/builder/clone/build/ModuleCache.noindex/os-E71G62SAVGQAD91YDTFK5D7IN.pcm /Users/builder/clone/build/ModuleCache.noindex/Foundation-EVJ5GPBA8EOORS8A04F3P2SBV.pcm /Users/builder/clone/build/ModuleCache.noindex/CoreVideo-9FDMY5YNXQG30O3K1JVX8UY5Z.pcm /Users/builder/clone/build/ModuleCache.noindex/FileProvider-76GDPUN5KDSP5PCKZKOFWY6P7.pcm /Users/builder/clone/build/ModuleCache.noindex/CoreImage-NBV3D8GQ1QBXMJQHVP5A4PEW.pcm /Users/builder/clone/build/ModuleCache.noindex/_Builtin_stdint-3KF4BGNQDXLAJIOIRV9Y0OOJD.pcm /Users/builder/clone/build/ModuleCache.noindex/_Builtin_intrinsics-3WQ16JLGCE2NTIEGOF3YLGDMO.pcm /Users/builder/clone/build/ModuleCache.noindex/_Builtin_inttypes-6KVMU9RCCJ7PDGXS2OWJXGL3V.pcm /Users/builder/clone/build/ModuleCache.noindex/sys_types-CDZ1K86JQDBGHI7E5D9G7YR14.pcm /Users/builder/clone/build/ModuleCache.noindex/IOSurface-9L9OW4KZVKVC1EBQHHIZ7A2NO.pcm /Users/builder/clone/build/ModuleCache.noindex/CoreData-1Q4DY6UO10D4EHPS520CO39OE.pcm /Users/builder/clone/build/ModuleCache.noindex/OpenGLES-72RA1TWUX4POYIONMLQX5CP9S.pcm /Users/builder/clone/build/Build/Intermediates.noindex/Glowboard.build/Release-iphoneos/Glowboard.build/Objects-normal/arm64/Glowboard-dependencies-1.json (in target 'Glowboard' from project 'Glowboard')
	Building project Glowboard with scheme Glowboard and configuration Release
(3 failures)


Build failed :|
Step 4 script `Build unsigned app` exited with status code 65